<?xml version="1.0" encoding="UTF-8"?>
<testsuites name="jest tests" tests="5" failures="0" errors="0" time="5.423">
  <testsuite name="POST /api/auth/register" errors="0" failures="0" skipped="0" timestamp="2024-01-23T19:53:12" time="5.305" tests="5">
    <testcase classname="POST /api/auth/register api to return 201 created response" name="POST /api/auth/register api to return 201 created response" time="0.004">
    </testcase>
    <testcase classname="POST /api/auth/register api to return 400 bad request response" name="POST /api/auth/register api to return 400 bad request response" time="0.001">
    </testcase>
    <testcase classname="POST /api/auth/login api to return 200 ok response" name="POST /api/auth/login api to return 200 ok response" time="0.001">
    </testcase>
    <testcase classname="POST /api/auth/login api to return 400 bad request response" name="POST /api/auth/login api to return 400 bad request response" time="0">
    </testcase>
    <testcase classname="GET /api/auth/google api to return 200 ok response" name="GET /api/auth/google api to return 200 ok response" time="0.001">
    </testcase>
  </testsuite>
</testsuites>